[foo,0,-1] => {"name":"foo","sellIn":-2,"quality":0}
[foo,0,0] => {"name":"foo","sellIn":-1,"quality":0}
[foo,0,1] => {"name":"foo","sellIn":0,"quality":0}
[foo,0,11] => {"name":"foo","sellIn":10,"quality":0}
[foo,0,6] => {"name":"foo","sellIn":5,"quality":0}
[foo,1,-1] => {"name":"foo","sellIn":-2,"quality":0}
[foo,1,0] => {"name":"foo","sellIn":-1,"quality":0}
[foo,1,1] => {"name":"foo","sellIn":0,"quality":0}
[foo,1,11] => {"name":"foo","sellIn":10,"quality":0}
[foo,1,6] => {"name":"foo","sellIn":5,"quality":0}
[foo,2,-1] => {"name":"foo","sellIn":-2,"quality":0}
[foo,2,0] => {"name":"foo","sellIn":-1,"quality":0}
[foo,2,1] => {"name":"foo","sellIn":0,"quality":1}
[foo,2,11] => {"name":"foo","sellIn":10,"quality":1}
[foo,2,6] => {"name":"foo","sellIn":5,"quality":1}
[foo,50,-1] => {"name":"foo","sellIn":-2,"quality":48}
[foo,50,0] => {"name":"foo","sellIn":-1,"quality":48}
[foo,50,1] => {"name":"foo","sellIn":0,"quality":49}
[foo,50,11] => {"name":"foo","sellIn":10,"quality":49}
[foo,50,6] => {"name":"foo","sellIn":5,"quality":49}
[Sulfuras, Hand of Ragnaros,0,-1] => {"name":"Sulfuras, Hand of Ragnaros","sellIn":-1,"quality":0}
[Sulfuras, Hand of Ragnaros,0,0] => {"name":"Sulfuras, Hand of Ragnaros","sellIn":0,"quality":0}
[Sulfuras, Hand of Ragnaros,0,1] => {"name":"Sulfuras, Hand of Ragnaros","sellIn":1,"quality":0}
[Sulfuras, Hand of Ragnaros,0,11] => {"name":"Sulfuras, Hand of Ragnaros","sellIn":11,"quality":0}
[Sulfuras, Hand of Ragnaros,0,6] => {"name":"Sulfuras, Hand of Ragnaros","sellIn":6,"quality":0}
[Sulfuras, Hand of Ragnaros,1,-1] => {"name":"Sulfuras, Hand of Ragnaros","sellIn":-1,"quality":1}
[Sulfuras, Hand of Ragnaros,1,0] => {"name":"Sulfuras, Hand of Ragnaros","sellIn":0,"quality":1}
[Sulfuras, Hand of Ragnaros,1,1] => {"name":"Sulfuras, Hand of Ragnaros","sellIn":1,"quality":1}
[Sulfuras, Hand of Ragnaros,1,11] => {"name":"Sulfuras, Hand of Ragnaros","sellIn":11,"quality":1}
[Sulfuras, Hand of Ragnaros,1,6] => {"name":"Sulfuras, Hand of Ragnaros","sellIn":6,"quality":1}
[Sulfuras, Hand of Ragnaros,2,-1] => {"name":"Sulfuras, Hand of Ragnaros","sellIn":-1,"quality":2}
[Sulfuras, Hand of Ragnaros,2,0] => {"name":"Sulfuras, Hand of Ragnaros","sellIn":0,"quality":2}
[Sulfuras, Hand of Ragnaros,2,1] => {"name":"Sulfuras, Hand of Ragnaros","sellIn":1,"quality":2}
[Sulfuras, Hand of Ragnaros,2,11] => {"name":"Sulfuras, Hand of Ragnaros","sellIn":11,"quality":2}
[Sulfuras, Hand of Ragnaros,2,6] => {"name":"Sulfuras, Hand of Ragnaros","sellIn":6,"quality":2}
[Sulfuras, Hand of Ragnaros,50,-1] => {"name":"Sulfuras, Hand of Ragnaros","sellIn":-1,"quality":50}
[Sulfuras, Hand of Ragnaros,50,0] => {"name":"Sulfuras, Hand of Ragnaros","sellIn":0,"quality":50}
[Sulfuras, Hand of Ragnaros,50,1] => {"name":"Sulfuras, Hand of Ragnaros","sellIn":1,"quality":50}
[Sulfuras, Hand of Ragnaros,50,11] => {"name":"Sulfuras, Hand of Ragnaros","sellIn":11,"quality":50}
[Sulfuras, Hand of Ragnaros,50,6] => {"name":"Sulfuras, Hand of Ragnaros","sellIn":6,"quality":50}
[Aged Brie,0,-1] => {"name":"Aged Brie","sellIn":-2,"quality":2}
[Aged Brie,0,0] => {"name":"Aged Brie","sellIn":-1,"quality":2}
[Aged Brie,0,1] => {"name":"Aged Brie","sellIn":0,"quality":1}
[Aged Brie,0,11] => {"name":"Aged Brie","sellIn":10,"quality":1}
[Aged Brie,0,6] => {"name":"Aged Brie","sellIn":5,"quality":1}
[Aged Brie,1,-1] => {"name":"Aged Brie","sellIn":-2,"quality":3}
[Aged Brie,1,0] => {"name":"Aged Brie","sellIn":-1,"quality":3}
[Aged Brie,1,1] => {"name":"Aged Brie","sellIn":0,"quality":2}
[Aged Brie,1,11] => {"name":"Aged Brie","sellIn":10,"quality":2}
[Aged Brie,1,6] => {"name":"Aged Brie","sellIn":5,"quality":2}
[Aged Brie,2,-1] => {"name":"Aged Brie","sellIn":-2,"quality":4}
[Aged Brie,2,0] => {"name":"Aged Brie","sellIn":-1,"quality":4}
[Aged Brie,2,1] => {"name":"Aged Brie","sellIn":0,"quality":3}
[Aged Brie,2,11] => {"name":"Aged Brie","sellIn":10,"quality":3}
[Aged Brie,2,6] => {"name":"Aged Brie","sellIn":5,"quality":3}
[Aged Brie,50,-1] => {"name":"Aged Brie","sellIn":-2,"quality":50}
[Aged Brie,50,0] => {"name":"Aged Brie","sellIn":-1,"quality":50}
[Aged Brie,50,1] => {"name":"Aged Brie","sellIn":0,"quality":50}
[Aged Brie,50,11] => {"name":"Aged Brie","sellIn":10,"quality":50}
[Aged Brie,50,6] => {"name":"Aged Brie","sellIn":5,"quality":50}
[Backstage passes to a TAFKAL80ETC concert,0,-1] => {"name":"Backstage passes to a TAFKAL80ETC concert","sellIn":-2,"quality":0}
[Backstage passes to a TAFKAL80ETC concert,0,0] => {"name":"Backstage passes to a TAFKAL80ETC concert","sellIn":-1,"quality":0}
[Backstage passes to a TAFKAL80ETC concert,0,1] => {"name":"Backstage passes to a TAFKAL80ETC concert","sellIn":0,"quality":3}
[Backstage passes to a TAFKAL80ETC concert,0,11] => {"name":"Backstage passes to a TAFKAL80ETC concert","sellIn":10,"quality":1}
[Backstage passes to a TAFKAL80ETC concert,0,6] => {"name":"Backstage passes to a TAFKAL80ETC concert","sellIn":5,"quality":2}
[Backstage passes to a TAFKAL80ETC concert,1,-1] => {"name":"Backstage passes to a TAFKAL80ETC concert","sellIn":-2,"quality":0}
[Backstage passes to a TAFKAL80ETC concert,1,0] => {"name":"Backstage passes to a TAFKAL80ETC concert","sellIn":-1,"quality":0}
[Backstage passes to a TAFKAL80ETC concert,1,1] => {"name":"Backstage passes to a TAFKAL80ETC concert","sellIn":0,"quality":4}
[Backstage passes to a TAFKAL80ETC concert,1,11] => {"name":"Backstage passes to a TAFKAL80ETC concert","sellIn":10,"quality":2}
[Backstage passes to a TAFKAL80ETC concert,1,6] => {"name":"Backstage passes to a TAFKAL80ETC concert","sellIn":5,"quality":3}
[Backstage passes to a TAFKAL80ETC concert,2,-1] => {"name":"Backstage passes to a TAFKAL80ETC concert","sellIn":-2,"quality":0}
[Backstage passes to a TAFKAL80ETC concert,2,0] => {"name":"Backstage passes to a TAFKAL80ETC concert","sellIn":-1,"quality":0}
[Backstage passes to a TAFKAL80ETC concert,2,1] => {"name":"Backstage passes to a TAFKAL80ETC concert","sellIn":0,"quality":5}
[Backstage passes to a TAFKAL80ETC concert,2,11] => {"name":"Backstage passes to a TAFKAL80ETC concert","sellIn":10,"quality":3}
[Backstage passes to a TAFKAL80ETC concert,2,6] => {"name":"Backstage passes to a TAFKAL80ETC concert","sellIn":5,"quality":4}
[Backstage passes to a TAFKAL80ETC concert,50,-1] => {"name":"Backstage passes to a TAFKAL80ETC concert","sellIn":-2,"quality":0}
[Backstage passes to a TAFKAL80ETC concert,50,0] => {"name":"Backstage passes to a TAFKAL80ETC concert","sellIn":-1,"quality":0}
[Backstage passes to a TAFKAL80ETC concert,50,1] => {"name":"Backstage passes to a TAFKAL80ETC concert","sellIn":0,"quality":50}
[Backstage passes to a TAFKAL80ETC concert,50,11] => {"name":"Backstage passes to a TAFKAL80ETC concert","sellIn":10,"quality":50}
[Backstage passes to a TAFKAL80ETC concert,50,6] => {"name":"Backstage passes to a TAFKAL80ETC concert","sellIn":5,"quality":50}
